1 646
3 7557
3 7337
2 1441
2 5885
5 45254
3 8888
5 79497
3 2662
2 1221
