No carry operation.
2 carry operations.
2 carry operations.
3 carry operations.
No carry operation.
4 carry operations.
5 carry operations.
5 carry operations.
3 carry operations.
5 carry operations.
5 carry operations.
4 carry operations.
3 carry operations.
4 carry operations.
