0 1
0 2
0 3
9 30
8 30
7 30
6 30
5 30
4 30
3 30
2 30
1 30
0 30
0 29
1 29
2 29
3 29
4 29
5 29
6 29
7 29
8 29
9 29
