Case #1:
www.youtube.com
www.google.com
www.google.com
www.zeed.com
www.google.com
www.google.com
www.google.com
www.google.com
www.google.com
www.google.com
