123 converts to 2063597568
-1 converts to -1
-2 converts to -16777217
-8 converts to -117440513
0 converts to 0
