3 carry operations.
3 carry operations.
3 carry operations.
4 carry operations.
7 carry operations.
4 carry operations.
3 carry operations.
3 carry operations.
5 carry operations.
5 carry operations.
6 carry operations.
5 carry operations.
5 carry operations.
