Case 1: UNKNOWN
Case 2: UNKNOWN
Case 3: ENGLISH
Case 4: RUSSIAN
Case 5: UNKNOWN
Case 6: GERMAN
Case 7: UNKNOWN
Case 8: SPANISH
Case 9: ITALIAN
Case 10: UNKNOWN
Case 11: FRENCH
Case 12: UNKNOWN
Case 13: UNKNOWN
Case 14: RUSSIAN
Case 15: UNKNOWN
