f91(89) = 91
f91(90) = 91
f91(91) = 91
f91(92) = 91
f91(93) = 91
f91(94) = 91
f91(95) = 91
f91(96) = 91
f91(97) = 91
f91(98) = 91
f91(99) = 91
f91(100) = 91
f91(101) = 91
f91(102) = 92
f91(103) = 93
f91(104) = 94
f91(105) = 95
f91(106) = 96
f91(107) = 97
f91(108) = 98
f91(109) = 99
f91(110) = 100
