2 2 2
1 1 1
5 10 20
100 200 125
201 210 89
900 1000 174
5 5 6
5 5 6
7 8 17
9 9999 262
1 10000 262
600 500 137
1000 7000 262
300 9000 262
10000 700 262
1 1 1
20 100 119
1 10 20
10000 10000 30
500 1 144
