Optimal train swapping takes 30 swaps.
Optimal train swapping takes 84 swaps.
Optimal train swapping takes 15 swaps.
Optimal train swapping takes 224 swaps.
Optimal train swapping takes 61 swaps.
Optimal train swapping takes 33 swaps.
Optimal train swapping takes 34 swaps.
Optimal train swapping takes 227 swaps.
Optimal train swapping takes 414 swaps.
Optimal train swapping takes 229 swaps.
Optimal train swapping takes 155 swaps.
Optimal train swapping takes 57 swaps.
Optimal train swapping takes 4 swaps.
Optimal train swapping takes 6 swaps.
Optimal train swapping takes 16 swaps.
Optimal train swapping takes 33 swaps.
Optimal train swapping takes 201 swaps.
Optimal train swapping takes 88 swaps.
Optimal train swapping takes 389 swaps.
Optimal train swapping takes 672 swaps.
Optimal train swapping takes 458 swaps.
Optimal train swapping takes 443 swaps.
Optimal train swapping takes 251 swaps.
Optimal train swapping takes 340 swaps.
Optimal train swapping takes 306 swaps.
Optimal train swapping takes 109 swaps.
Optimal train swapping takes 42 swaps.
Optimal train swapping takes 47 swaps.
Optimal train swapping takes 317 swaps.
Optimal train swapping takes 4 swaps.
Optimal train swapping takes 33 swaps.
Optimal train swapping takes 28 swaps.
Optimal train swapping takes 276 swaps.
Optimal train swapping takes 414 swaps.
Optimal train swapping takes 285 swaps.
Optimal train swapping takes 385 swaps.
Optimal train swapping takes 645 swaps.
Optimal train swapping takes 69 swaps.
Optimal train swapping takes 7 swaps.
Optimal train swapping takes 515 swaps.
Optimal train swapping takes 247 swaps.
Optimal train swapping takes 337 swaps.
Optimal train swapping takes 205 swaps.
Optimal train swapping takes 542 swaps.
Optimal train swapping takes 63 swaps.
Optimal train swapping takes 289 swaps.
Optimal train swapping takes 619 swaps.
Optimal train swapping takes 179 swaps.
Optimal train swapping takes 40 swaps.
Optimal train swapping takes 70 swaps.
Optimal train swapping takes 93 swaps.
Optimal train swapping takes 13 swaps.
Optimal train swapping takes 200 swaps.
Optimal train swapping takes 12 swaps.
Optimal train swapping takes 37 swaps.
Optimal train swapping takes 50 swaps.
Optimal train swapping takes 16 swaps.
Optimal train swapping takes 0 swaps.
Optimal train swapping takes 16 swaps.
Optimal train swapping takes 11 swaps.
Optimal train swapping takes 151 swaps.
Optimal train swapping takes 62 swaps.
Optimal train swapping takes 482 swaps.
Optimal train swapping takes 2 swaps.
Optimal train swapping takes 178 swaps.
Optimal train swapping takes 242 swaps.
Optimal train swapping takes 106 swaps.
Optimal train swapping takes 108 swaps.
Optimal train swapping takes 84 swaps.
Optimal train swapping takes 519 swaps.
Optimal train swapping takes 412 swaps.
Optimal train swapping takes 1 swaps.
Optimal train swapping takes 75 swaps.
Optimal train swapping takes 96 swaps.
Optimal train swapping takes 32 swaps.
Optimal train swapping takes 4 swaps.
Optimal train swapping takes 616 swaps.
Optimal train swapping takes 243 swaps.
Optimal train swapping takes 173 swaps.
Optimal train swapping takes 81 swaps.
Optimal train swapping takes 63 swaps.
Optimal train swapping takes 439 swaps.
Optimal train swapping takes 343 swaps.
Optimal train swapping takes 5 swaps.
Optimal train swapping takes 361 swaps.
Optimal train swapping takes 388 swaps.
Optimal train swapping takes 44 swaps.
Optimal train swapping takes 102 swaps.
Optimal train swapping takes 64 swaps.
Optimal train swapping takes 98 swaps.
Optimal train swapping takes 153 swaps.
Optimal train swapping takes 21 swaps.
Optimal train swapping takes 398 swaps.
Optimal train swapping takes 23 swaps.
Optimal train swapping takes 28 swaps.
Optimal train swapping takes 526 swaps.
Optimal train swapping takes 0 swaps.
Optimal train swapping takes 204 swaps.
Optimal train swapping takes 155 swaps.
Optimal train swapping takes 294 swaps.
Optimal train swapping takes 279 swaps.
Optimal train swapping takes 370 swaps.
Optimal train swapping takes 568 swaps.
Optimal train swapping takes 62 swaps.
Optimal train swapping takes 45 swaps.
Optimal train swapping takes 494 swaps.
Optimal train swapping takes 1 swaps.
Optimal train swapping takes 450 swaps.
Optimal train swapping takes 498 swaps.
Optimal train swapping takes 106 swaps.
Optimal train swapping takes 334 swaps.
Optimal train swapping takes 584 swaps.
Optimal train swapping takes 64 swaps.
Optimal train swapping takes 62 swaps.
Optimal train swapping takes 2 swaps.
Optimal train swapping takes 236 swaps.
Optimal train swapping takes 38 swaps.
Optimal train swapping takes 444 swaps.
Optimal train swapping takes 75 swaps.
Optimal train swapping takes 0 swaps.
Optimal train swapping takes 295 swaps.
Optimal train swapping takes 5 swaps.
Optimal train swapping takes 256 swaps.
Optimal train swapping takes 128 swaps.
Optimal train swapping takes 10 swaps.
Optimal train swapping takes 451 swaps.
Optimal train swapping takes 0 swaps.
Optimal train swapping takes 48 swaps.
Optimal train swapping takes 392 swaps.
Optimal train swapping takes 568 swaps.
Optimal train swapping takes 549 swaps.
Optimal train swapping takes 0 swaps.
Optimal train swapping takes 179 swaps.
Optimal train swapping takes 577 swaps.
Optimal train swapping takes 263 swaps.
Optimal train swapping takes 3 swaps.
Optimal train swapping takes 0 swaps.
Optimal train swapping takes 37 swaps.
Optimal train swapping takes 3 swaps.
Optimal train swapping takes 121 swaps.
Optimal train swapping takes 182 swaps.
Optimal train swapping takes 96 swaps.
Optimal train swapping takes 278 swaps.
Optimal train swapping takes 132 swaps.
Optimal train swapping takes 445 swaps.
Optimal train swapping takes 2 swaps.
Optimal train swapping takes 195 swaps.
Optimal train swapping takes 98 swaps.
Optimal train swapping takes 1 swaps.
Optimal train swapping takes 377 swaps.
Optimal train swapping takes 378 swaps.
Optimal train swapping takes 15 swaps.
Optimal train swapping takes 65 swaps.
Optimal train swapping takes 352 swaps.
Optimal train swapping takes 171 swaps.
Optimal train swapping takes 193 swaps.
Optimal train swapping takes 362 swaps.
Optimal train swapping takes 236 swaps.
Optimal train swapping takes 89 swaps.
Optimal train swapping takes 639 swaps.
Optimal train swapping takes 616 swaps.
Optimal train swapping takes 275 swaps.
Optimal train swapping takes 87 swaps.
Optimal train swapping takes 550 swaps.
Optimal train swapping takes 317 swaps.
Optimal train swapping takes 169 swaps.
Optimal train swapping takes 297 swaps.
Optimal train swapping takes 76 swaps.
Optimal train swapping takes 291 swaps.
Optimal train swapping takes 12 swaps.
Optimal train swapping takes 101 swaps.
Optimal train swapping takes 326 swaps.
Optimal train swapping takes 491 swaps.
Optimal train swapping takes 133 swaps.
Optimal train swapping takes 151 swaps.
Optimal train swapping takes 67 swaps.
Optimal train swapping takes 415 swaps.
Optimal train swapping takes 299 swaps.
Optimal train swapping takes 384 swaps.
Optimal train swapping takes 61 swaps.
Optimal train swapping takes 76 swaps.
Optimal train swapping takes 551 swaps.
Optimal train swapping takes 479 swaps.
Optimal train swapping takes 26 swaps.
Optimal train swapping takes 159 swaps.
Optimal train swapping takes 78 swaps.
Optimal train swapping takes 608 swaps.
Optimal train swapping takes 290 swaps.
Optimal train swapping takes 110 swaps.
Optimal train swapping takes 431 swaps.
Optimal train swapping takes 0 swaps.
Optimal train swapping takes 568 swaps.
Optimal train swapping takes 241 swaps.
Optimal train swapping takes 29 swaps.
Optimal train swapping takes 74 swaps.
Optimal train swapping takes 1 swaps.
Optimal train swapping takes 62 swaps.
Optimal train swapping takes 466 swaps.
Optimal train swapping takes 130 swaps.
Optimal train swapping takes 454 swaps.
Optimal train swapping takes 183 swaps.
Optimal train swapping takes 351 swaps.
Optimal train swapping takes 69 swaps.
Optimal train swapping takes 722 swaps.
Optimal train swapping takes 541 swaps.
Optimal train swapping takes 39 swaps.
Optimal train swapping takes 242 swaps.
Optimal train swapping takes 0 swaps.
Optimal train swapping takes 200 swaps.
Optimal train swapping takes 115 swaps.
Optimal train swapping takes 421 swaps.
Optimal train swapping takes 32 swaps.
Optimal train swapping takes 79 swaps.
Optimal train swapping takes 373 swaps.
Optimal train swapping takes 470 swaps.
Optimal train swapping takes 272 swaps.
Optimal train swapping takes 498 swaps.
Optimal train swapping takes 19 swaps.
Optimal train swapping takes 109 swaps.
Optimal train swapping takes 216 swaps.
Optimal train swapping takes 147 swaps.
Optimal train swapping takes 0 swaps.
Optimal train swapping takes 8 swaps.
Optimal train swapping takes 114 swaps.
Optimal train swapping takes 211 swaps.
Optimal train swapping takes 528 swaps.
Optimal train swapping takes 52 swaps.
Optimal train swapping takes 226 swaps.
Optimal train swapping takes 21 swaps.
Optimal train swapping takes 51 swaps.
Optimal train swapping takes 326 swaps.
Optimal train swapping takes 558 swaps.
Optimal train swapping takes 180 swaps.
Optimal train swapping takes 671 swaps.
Optimal train swapping takes 16 swaps.
Optimal train swapping takes 10 swaps.
Optimal train swapping takes 6 swaps.
Optimal train swapping takes 15 swaps.
Optimal train swapping takes 49 swaps.
Optimal train swapping takes 506 swaps.
Optimal train swapping takes 651 swaps.
Optimal train swapping takes 331 swaps.
Optimal train swapping takes 32 swaps.
Optimal train swapping takes 54 swaps.
Optimal train swapping takes 543 swaps.
Optimal train swapping takes 29 swaps.
Optimal train swapping takes 15 swaps.
Optimal train swapping takes 4 swaps.
Optimal train swapping takes 425 swaps.
Optimal train swapping takes 326 swaps.
Optimal train swapping takes 226 swaps.
Optimal train swapping takes 31 swaps.
Optimal train swapping takes 157 swaps.
Optimal train swapping takes 4 swaps.
Optimal train swapping takes 411 swaps.
Optimal train swapping takes 9 swaps.
Optimal train swapping takes 456 swaps.
Optimal train swapping takes 320 swaps.
Optimal train swapping takes 202 swaps.
Optimal train swapping takes 306 swaps.
Optimal train swapping takes 6 swaps.
Optimal train swapping takes 427 swaps.
Optimal train swapping takes 196 swaps.
Optimal train swapping takes 113 swaps.
Optimal train swapping takes 381 swaps.
Optimal train swapping takes 367 swaps.
Optimal train swapping takes 99 swaps.
Optimal train swapping takes 181 swaps.
Optimal train swapping takes 61 swaps.
Optimal train swapping takes 23 swaps.
Optimal train swapping takes 374 swaps.
Optimal train swapping takes 187 swaps.
Optimal train swapping takes 60 swaps.
Optimal train swapping takes 435 swaps.
Optimal train swapping takes 178 swaps.
Optimal train swapping takes 270 swaps.
Optimal train swapping takes 501 swaps.
Optimal train swapping takes 202 swaps.
Optimal train swapping takes 122 swaps.
Optimal train swapping takes 634 swaps.
Optimal train swapping takes 119 swaps.
Optimal train swapping takes 30 swaps.
Optimal train swapping takes 69 swaps.
Optimal train swapping takes 276 swaps.
Optimal train swapping takes 42 swaps.
Optimal train swapping takes 155 swaps.
Optimal train swapping takes 378 swaps.
Optimal train swapping takes 157 swaps.
Optimal train swapping takes 256 swaps.
Optimal train swapping takes 117 swaps.
Optimal train swapping takes 63 swaps.
Optimal train swapping takes 236 swaps.
Optimal train swapping takes 133 swaps.
Optimal train swapping takes 72 swaps.
Optimal train swapping takes 337 swaps.
Optimal train swapping takes 70 swaps.
Optimal train swapping takes 6 swaps.
Optimal train swapping takes 333 swaps.
Optimal train swapping takes 595 swaps.
Optimal train swapping takes 99 swaps.
Optimal train swapping takes 153 swaps.
Optimal train swapping takes 66 swaps.
Optimal train swapping takes 284 swaps.
Optimal train swapping takes 2 swaps.
Optimal train swapping takes 44 swaps.
Optimal train swapping takes 41 swaps.
Optimal train swapping takes 433 swaps.
Optimal train swapping takes 331 swaps.
Optimal train swapping takes 190 swaps.
Optimal train swapping takes 134 swaps.
Optimal train swapping takes 2 swaps.
Optimal train swapping takes 34 swaps.
Optimal train swapping takes 295 swaps.
Optimal train swapping takes 221 swaps.
Optimal train swapping takes 271 swaps.
Optimal train swapping takes 519 swaps.
Optimal train swapping takes 255 swaps.
Optimal train swapping takes 253 swaps.
Optimal train swapping takes 5 swaps.
Optimal train swapping takes 11 swaps.
Optimal train swapping takes 7 swaps.
Optimal train swapping takes 14 swaps.
Optimal train swapping takes 544 swaps.
Optimal train swapping takes 496 swaps.
Optimal train swapping takes 33 swaps.
Optimal train swapping takes 0 swaps.
Optimal train swapping takes 418 swaps.
Optimal train swapping takes 47 swaps.
Optimal train swapping takes 51 swaps.
Optimal train swapping takes 7 swaps.
Optimal train swapping takes 108 swaps.
Optimal train swapping takes 600 swaps.
Optimal train swapping takes 244 swaps.
Optimal train swapping takes 314 swaps.
Optimal train swapping takes 33 swaps.
Optimal train swapping takes 4 swaps.
Optimal train swapping takes 1 swaps.
Optimal train swapping takes 226 swaps.
Optimal train swapping takes 577 swaps.
Optimal train swapping takes 405 swaps.
Optimal train swapping takes 339 swaps.
Optimal train swapping takes 38 swaps.
Optimal train swapping takes 598 swaps.
Optimal train swapping takes 371 swaps.
Optimal train swapping takes 106 swaps.
Optimal train swapping takes 292 swaps.
Optimal train swapping takes 542 swaps.
Optimal train swapping takes 168 swaps.
Optimal train swapping takes 430 swaps.
Optimal train swapping takes 5 swaps.
Optimal train swapping takes 171 swaps.
Optimal train swapping takes 359 swaps.
Optimal train swapping takes 488 swaps.
Optimal train swapping takes 188 swaps.
Optimal train swapping takes 21 swaps.
Optimal train swapping takes 113 swaps.
Optimal train swapping takes 93 swaps.
Optimal train swapping takes 121 swaps.
Optimal train swapping takes 26 swaps.
Optimal train swapping takes 289 swaps.
Optimal train swapping takes 6 swaps.
Optimal train swapping takes 304 swaps.
Optimal train swapping takes 14 swaps.
Optimal train swapping takes 186 swaps.
Optimal train swapping takes 71 swaps.
Optimal train swapping takes 26 swaps.
Optimal train swapping takes 511 swaps.
Optimal train swapping takes 104 swaps.
Optimal train swapping takes 530 swaps.
Optimal train swapping takes 646 swaps.
Optimal train swapping takes 539 swaps.
Optimal train swapping takes 455 swaps.
Optimal train swapping takes 583 swaps.
Optimal train swapping takes 152 swaps.
Optimal train swapping takes 443 swaps.
Optimal train swapping takes 109 swaps.
Optimal train swapping takes 154 swaps.
Optimal train swapping takes 182 swaps.
Optimal train swapping takes 180 swaps.
Optimal train swapping takes 122 swaps.
Optimal train swapping takes 274 swaps.
Optimal train swapping takes 209 swaps.
Optimal train swapping takes 587 swaps.
Optimal train swapping takes 221 swaps.
Optimal train swapping takes 11 swaps.
Optimal train swapping takes 10 swaps.
Optimal train swapping takes 14 swaps.
Optimal train swapping takes 5 swaps.
Optimal train swapping takes 285 swaps.
Optimal train swapping takes 113 swaps.
Optimal train swapping takes 394 swaps.
Optimal train swapping takes 290 swaps.
Optimal train swapping takes 132 swaps.
Optimal train swapping takes 474 swaps.
Optimal train swapping takes 82 swaps.
Optimal train swapping takes 588 swaps.
Optimal train swapping takes 96 swaps.
Optimal train swapping takes 133 swaps.
Optimal train swapping takes 249 swaps.
Optimal train swapping takes 5 swaps.
Optimal train swapping takes 237 swaps.
Optimal train swapping takes 16 swaps.
Optimal train swapping takes 100 swaps.
Optimal train swapping takes 363 swaps.
Optimal train swapping takes 521 swaps.
Optimal train swapping takes 624 swaps.
Optimal train swapping takes 19 swaps.
Optimal train swapping takes 247 swaps.
Optimal train swapping takes 332 swaps.
Optimal train swapping takes 41 swaps.
Optimal train swapping takes 227 swaps.
Optimal train swapping takes 332 swaps.
Optimal train swapping takes 360 swaps.
Optimal train swapping takes 459 swaps.
Optimal train swapping takes 170 swaps.
Optimal train swapping takes 12 swaps.
Optimal train swapping takes 7 swaps.
Optimal train swapping takes 122 swaps.
Optimal train swapping takes 446 swaps.
Optimal train swapping takes 3 swaps.
Optimal train swapping takes 16 swaps.
Optimal train swapping takes 602 swaps.
Optimal train swapping takes 225 swaps.
Optimal train swapping takes 211 swaps.
Optimal train swapping takes 200 swaps.
Optimal train swapping takes 12 swaps.
Optimal train swapping takes 381 swaps.
Optimal train swapping takes 187 swaps.
Optimal train swapping takes 274 swaps.
Optimal train swapping takes 18 swaps.
Optimal train swapping takes 314 swaps.
Optimal train swapping takes 246 swaps.
Optimal train swapping takes 154 swaps.
Optimal train swapping takes 212 swaps.
Optimal train swapping takes 13 swaps.
Optimal train swapping takes 401 swaps.
Optimal train swapping takes 50 swaps.
Optimal train swapping takes 680 swaps.
Optimal train swapping takes 134 swaps.
Optimal train swapping takes 61 swaps.
Optimal train swapping takes 163 swaps.
Optimal train swapping takes 91 swaps.
Optimal train swapping takes 8 swaps.
Optimal train swapping takes 15 swaps.
Optimal train swapping takes 8 swaps.
Optimal train swapping takes 0 swaps.
Optimal train swapping takes 466 swaps.
Optimal train swapping takes 60 swaps.
Optimal train swapping takes 320 swaps.
Optimal train swapping takes 3 swaps.
Optimal train swapping takes 493 swaps.
Optimal train swapping takes 2 swaps.
Optimal train swapping takes 129 swaps.
Optimal train swapping takes 37 swaps.
Optimal train swapping takes 90 swaps.
Optimal train swapping takes 414 swaps.
Optimal train swapping takes 18 swaps.
Optimal train swapping takes 9 swaps.
Optimal train swapping takes 4 swaps.
Optimal train swapping takes 24 swaps.
Optimal train swapping takes 429 swaps.
Optimal train swapping takes 424 swaps.
Optimal train swapping takes 0 swaps.
Optimal train swapping takes 86 swaps.
Optimal train swapping takes 35 swaps.
Optimal train swapping takes 359 swaps.
Optimal train swapping takes 360 swaps.
Optimal train swapping takes 148 swaps.
Optimal train swapping takes 5 swaps.
Optimal train swapping takes 144 swaps.
Optimal train swapping takes 122 swaps.
Optimal train swapping takes 575 swaps.
Optimal train swapping takes 337 swaps.
Optimal train swapping takes 422 swaps.
Optimal train swapping takes 200 swaps.
Optimal train swapping takes 215 swaps.
Optimal train swapping takes 1 swaps.
Optimal train swapping takes 90 swaps.
Optimal train swapping takes 255 swaps.
Optimal train swapping takes 21 swaps.
Optimal train swapping takes 17 swaps.
Optimal train swapping takes 480 swaps.
Optimal train swapping takes 44 swaps.
Optimal train swapping takes 526 swaps.
Optimal train swapping takes 116 swaps.
Optimal train swapping takes 158 swaps.
Optimal train swapping takes 79 swaps.
Optimal train swapping takes 166 swaps.
Optimal train swapping takes 495 swaps.
Optimal train swapping takes 47 swaps.
Optimal train swapping takes 281 swaps.
Optimal train swapping takes 458 swaps.
Optimal train swapping takes 21 swaps.
Optimal train swapping takes 468 swaps.
Optimal train swapping takes 127 swaps.
Optimal train swapping takes 515 swaps.
Optimal train swapping takes 274 swaps.
Optimal train swapping takes 560 swaps.
Optimal train swapping takes 146 swaps.
Optimal train swapping takes 19 swaps.
Optimal train swapping takes 188 swaps.
Optimal train swapping takes 380 swaps.
Optimal train swapping takes 10 swaps.
Optimal train swapping takes 495 swaps.
Optimal train swapping takes 6 swaps.
Optimal train swapping takes 603 swaps.
Optimal train swapping takes 1 swaps.
Optimal train swapping takes 168 swaps.
Optimal train swapping takes 34 swaps.
Optimal train swapping takes 265 swaps.
Optimal train swapping takes 13 swaps.
Optimal train swapping takes 178 swaps.
Optimal train swapping takes 17 swaps.
Optimal train swapping takes 506 swaps.
Optimal train swapping takes 281 swaps.
Optimal train swapping takes 234 swaps.
Optimal train swapping takes 132 swaps.
Optimal train swapping takes 286 swaps.
Optimal train swapping takes 225 swaps.
Optimal train swapping takes 32 swaps.
Optimal train swapping takes 0 swaps.
Optimal train swapping takes 444 swaps.
Optimal train swapping takes 2 swaps.
Optimal train swapping takes 403 swaps.
Optimal train swapping takes 273 swaps.
Optimal train swapping takes 25 swaps.
Optimal train swapping takes 25 swaps.
Optimal train swapping takes 139 swaps.
Optimal train swapping takes 86 swaps.
Optimal train swapping takes 21 swaps.
Optimal train swapping takes 447 swaps.
Optimal train swapping takes 69 swaps.
Optimal train swapping takes 278 swaps.
Optimal train swapping takes 307 swaps.
Optimal train swapping takes 3 swaps.
Optimal train swapping takes 84 swaps.
Optimal train swapping takes 300 swaps.
Optimal train swapping takes 230 swaps.
Optimal train swapping takes 62 swaps.
Optimal train swapping takes 116 swaps.
Optimal train swapping takes 696 swaps.
Optimal train swapping takes 177 swaps.
Optimal train swapping takes 324 swaps.
Optimal train swapping takes 41 swaps.
Optimal train swapping takes 0 swaps.
Optimal train swapping takes 309 swaps.
Optimal train swapping takes 109 swaps.
Optimal train swapping takes 1 swaps.
Optimal train swapping takes 516 swaps.
Optimal train swapping takes 211 swaps.
Optimal train swapping takes 303 swaps.
Optimal train swapping takes 448 swaps.
Optimal train swapping takes 14 swaps.
Optimal train swapping takes 191 swaps.
Optimal train swapping takes 121 swaps.
Optimal train swapping takes 83 swaps.
Optimal train swapping takes 286 swaps.
Optimal train swapping takes 350 swaps.
Optimal train swapping takes 72 swaps.
Optimal train swapping takes 193 swaps.
Optimal train swapping takes 0 swaps.
Optimal train swapping takes 241 swaps.
Optimal train swapping takes 300 swaps.
Optimal train swapping takes 412 swaps.
Optimal train swapping takes 16 swaps.
Optimal train swapping takes 21 swaps.
Optimal train swapping takes 259 swaps.
Optimal train swapping takes 78 swaps.
Optimal train swapping takes 3 swaps.
Optimal train swapping takes 3 swaps.
Optimal train swapping takes 9 swaps.
Optimal train swapping takes 580 swaps.
Optimal train swapping takes 132 swaps.
Optimal train swapping takes 221 swaps.
Optimal train swapping takes 324 swaps.
Optimal train swapping takes 229 swaps.
Optimal train swapping takes 498 swaps.
Optimal train swapping takes 301 swaps.
Optimal train swapping takes 667 swaps.
Optimal train swapping takes 75 swaps.
Optimal train swapping takes 209 swaps.
Optimal train swapping takes 87 swaps.
Optimal train swapping takes 29 swaps.
Optimal train swapping takes 37 swaps.
Optimal train swapping takes 106 swaps.
Optimal train swapping takes 7 swaps.
Optimal train swapping takes 214 swaps.
Optimal train swapping takes 177 swaps.
Optimal train swapping takes 1 swaps.
Optimal train swapping takes 219 swaps.
Optimal train swapping takes 57 swaps.
Optimal train swapping takes 293 swaps.
Optimal train swapping takes 213 swaps.
Optimal train swapping takes 456 swaps.
Optimal train swapping takes 129 swaps.
Optimal train swapping takes 61 swaps.
Optimal train swapping takes 43 swaps.
Optimal train swapping takes 12 swaps.
Optimal train swapping takes 500 swaps.
Optimal train swapping takes 91 swaps.
Optimal train swapping takes 100 swaps.
Optimal train swapping takes 50 swaps.
Optimal train swapping takes 617 swaps.
Optimal train swapping takes 450 swaps.
Optimal train swapping takes 90 swaps.
Optimal train swapping takes 507 swaps.
Optimal train swapping takes 609 swaps.
Optimal train swapping takes 419 swaps.
Optimal train swapping takes 65 swaps.
Optimal train swapping takes 232 swaps.
Optimal train swapping takes 394 swaps.
Optimal train swapping takes 560 swaps.
Optimal train swapping takes 92 swaps.
Optimal train swapping takes 0 swaps.
Optimal train swapping takes 37 swaps.
Optimal train swapping takes 153 swaps.
Optimal train swapping takes 222 swaps.
Optimal train swapping takes 23 swaps.
Optimal train swapping takes 411 swaps.
Optimal train swapping takes 49 swaps.
Optimal train swapping takes 60 swaps.
Optimal train swapping takes 44 swaps.
Optimal train swapping takes 626 swaps.
Optimal train swapping takes 71 swaps.
Optimal train swapping takes 389 swaps.
Optimal train swapping takes 2 swaps.
Optimal train swapping takes 206 swaps.
Optimal train swapping takes 212 swaps.
Optimal train swapping takes 67 swaps.
Optimal train swapping takes 318 swaps.
Optimal train swapping takes 27 swaps.
Optimal train swapping takes 4 swaps.
Optimal train swapping takes 441 swaps.
Optimal train swapping takes 596 swaps.
Optimal train swapping takes 368 swaps.
Optimal train swapping takes 567 swaps.
Optimal train swapping takes 231 swaps.
Optimal train swapping takes 52 swaps.
Optimal train swapping takes 653 swaps.
Optimal train swapping takes 420 swaps.
Optimal train swapping takes 78 swaps.
Optimal train swapping takes 4 swaps.
Optimal train swapping takes 648 swaps.
Optimal train swapping takes 51 swaps.
Optimal train swapping takes 659 swaps.
Optimal train swapping takes 258 swaps.
Optimal train swapping takes 526 swaps.
Optimal train swapping takes 105 swaps.
Optimal train swapping takes 12 swaps.
Optimal train swapping takes 36 swaps.
Optimal train swapping takes 390 swaps.
Optimal train swapping takes 447 swaps.
Optimal train swapping takes 294 swaps.
Optimal train swapping takes 359 swaps.
Optimal train swapping takes 489 swaps.
Optimal train swapping takes 663 swaps.
Optimal train swapping takes 13 swaps.
Optimal train swapping takes 258 swaps.
Optimal train swapping takes 28 swaps.
Optimal train swapping takes 0 swaps.
Optimal train swapping takes 16 swaps.
Optimal train swapping takes 1 swaps.
Optimal train swapping takes 207 swaps.
Optimal train swapping takes 60 swaps.
Optimal train swapping takes 466 swaps.
Optimal train swapping takes 131 swaps.
Optimal train swapping takes 471 swaps.
Optimal train swapping takes 447 swaps.
Optimal train swapping takes 14 swaps.
Optimal train swapping takes 1 swaps.
Optimal train swapping takes 276 swaps.
Optimal train swapping takes 0 swaps.
Optimal train swapping takes 237 swaps.
Optimal train swapping takes 341 swaps.
Optimal train swapping takes 43 swaps.
Optimal train swapping takes 16 swaps.
Optimal train swapping takes 69 swaps.
Optimal train swapping takes 144 swaps.
Optimal train swapping takes 350 swaps.
Optimal train swapping takes 351 swaps.
Optimal train swapping takes 157 swaps.
Optimal train swapping takes 472 swaps.
Optimal train swapping takes 217 swaps.
Optimal train swapping takes 148 swaps.
Optimal train swapping takes 21 swaps.
Optimal train swapping takes 12 swaps.
Optimal train swapping takes 280 swaps.
Optimal train swapping takes 60 swaps.
Optimal train swapping takes 16 swaps.
Optimal train swapping takes 401 swaps.
Optimal train swapping takes 53 swaps.
Optimal train swapping takes 292 swaps.
Optimal train swapping takes 211 swaps.
Optimal train swapping takes 41 swaps.
Optimal train swapping takes 628 swaps.
Optimal train swapping takes 110 swaps.
Optimal train swapping takes 69 swaps.
Optimal train swapping takes 350 swaps.
Optimal train swapping takes 77 swaps.
Optimal train swapping takes 234 swaps.
Optimal train swapping takes 122 swaps.
Optimal train swapping takes 15 swaps.
Optimal train swapping takes 43 swaps.
Optimal train swapping takes 418 swaps.
Optimal train swapping takes 52 swaps.
Optimal train swapping takes 369 swaps.
Optimal train swapping takes 39 swaps.
Optimal train swapping takes 462 swaps.
Optimal train swapping takes 106 swaps.
Optimal train swapping takes 89 swaps.
Optimal train swapping takes 547 swaps.
Optimal train swapping takes 19 swaps.
Optimal train swapping takes 2 swaps.
Optimal train swapping takes 41 swaps.
Optimal train swapping takes 148 swaps.
Optimal train swapping takes 121 swaps.
Optimal train swapping takes 16 swaps.
Optimal train swapping takes 483 swaps.
Optimal train swapping takes 138 swaps.
Optimal train swapping takes 460 swaps.
Optimal train swapping takes 263 swaps.
Optimal train swapping takes 50 swaps.
Optimal train swapping takes 164 swaps.
Optimal train swapping takes 36 swaps.
Optimal train swapping takes 131 swaps.
Optimal train swapping takes 419 swaps.
Optimal train swapping takes 1 swaps.
Optimal train swapping takes 102 swaps.
Optimal train swapping takes 383 swaps.
Optimal train swapping takes 16 swaps.
Optimal train swapping takes 390 swaps.
Optimal train swapping takes 560 swaps.
Optimal train swapping takes 49 swaps.
Optimal train swapping takes 0 swaps.
Optimal train swapping takes 0 swaps.
Optimal train swapping takes 505 swaps.
Optimal train swapping takes 176 swaps.
Optimal train swapping takes 476 swaps.
Optimal train swapping takes 161 swaps.
Optimal train swapping takes 24 swaps.
Optimal train swapping takes 41 swaps.
Optimal train swapping takes 181 swaps.
Optimal train swapping takes 28 swaps.
Optimal train swapping takes 732 swaps.
Optimal train swapping takes 249 swaps.
Optimal train swapping takes 1 swaps.
Optimal train swapping takes 371 swaps.
Optimal train swapping takes 13 swaps.
Optimal train swapping takes 110 swaps.
Optimal train swapping takes 38 swaps.
Optimal train swapping takes 117 swaps.
Optimal train swapping takes 413 swaps.
Optimal train swapping takes 25 swaps.
Optimal train swapping takes 548 swaps.
Optimal train swapping takes 41 swaps.
Optimal train swapping takes 568 swaps.
Optimal train swapping takes 24 swaps.
Optimal train swapping takes 221 swaps.
Optimal train swapping takes 37 swaps.
Optimal train swapping takes 446 swaps.
Optimal train swapping takes 73 swaps.
Optimal train swapping takes 80 swaps.
Optimal train swapping takes 8 swaps.
Optimal train swapping takes 217 swaps.
Optimal train swapping takes 0 swaps.
Optimal train swapping takes 281 swaps.
Optimal train swapping takes 77 swaps.
Optimal train swapping takes 44 swaps.
Optimal train swapping takes 162 swaps.
Optimal train swapping takes 128 swaps.
Optimal train swapping takes 534 swaps.
Optimal train swapping takes 44 swaps.
Optimal train swapping takes 14 swaps.
Optimal train swapping takes 215 swaps.
Optimal train swapping takes 74 swaps.
Optimal train swapping takes 3 swaps.
Optimal train swapping takes 147 swaps.
Optimal train swapping takes 165 swaps.
Optimal train swapping takes 9 swaps.
Optimal train swapping takes 326 swaps.
Optimal train swapping takes 64 swaps.
Optimal train swapping takes 107 swaps.
Optimal train swapping takes 249 swaps.
Optimal train swapping takes 636 swaps.
Optimal train swapping takes 166 swaps.
Optimal train swapping takes 373 swaps.
Optimal train swapping takes 93 swaps.
Optimal train swapping takes 0 swaps.
Optimal train swapping takes 377 swaps.
Optimal train swapping takes 461 swaps.
Optimal train swapping takes 261 swaps.
Optimal train swapping takes 693 swaps.
Optimal train swapping takes 69 swaps.
Optimal train swapping takes 297 swaps.
Optimal train swapping takes 231 swaps.
Optimal train swapping takes 118 swaps.
Optimal train swapping takes 258 swaps.
Optimal train swapping takes 87 swaps.
Optimal train swapping takes 355 swaps.
Optimal train swapping takes 272 swaps.
Optimal train swapping takes 69 swaps.
Optimal train swapping takes 474 swaps.
Optimal train swapping takes 0 swaps.
Optimal train swapping takes 14 swaps.
Optimal train swapping takes 184 swaps.
Optimal train swapping takes 283 swaps.
Optimal train swapping takes 198 swaps.
Optimal train swapping takes 63 swaps.
Optimal train swapping takes 237 swaps.
Optimal train swapping takes 407 swaps.
Optimal train swapping takes 340 swaps.
Optimal train swapping takes 149 swaps.
Optimal train swapping takes 219 swaps.
Optimal train swapping takes 76 swaps.
Optimal train swapping takes 0 swaps.
Optimal train swapping takes 239 swaps.
Optimal train swapping takes 210 swaps.
Optimal train swapping takes 573 swaps.
Optimal train swapping takes 280 swaps.
Optimal train swapping takes 324 swaps.
Optimal train swapping takes 119 swaps.
Optimal train swapping takes 101 swaps.
Optimal train swapping takes 24 swaps.
Optimal train swapping takes 139 swaps.
Optimal train swapping takes 430 swaps.
Optimal train swapping takes 231 swaps.
Optimal train swapping takes 84 swaps.
Optimal train swapping takes 109 swaps.
Optimal train swapping takes 72 swaps.
Optimal train swapping takes 114 swaps.
Optimal train swapping takes 42 swaps.
Optimal train swapping takes 507 swaps.
Optimal train swapping takes 275 swaps.
Optimal train swapping takes 315 swaps.
Optimal train swapping takes 140 swaps.
Optimal train swapping takes 68 swaps.
Optimal train swapping takes 121 swaps.
Optimal train swapping takes 158 swaps.
Optimal train swapping takes 0 swaps.
Optimal train swapping takes 1 swaps.
Optimal train swapping takes 436 swaps.
Optimal train swapping takes 271 swaps.
Optimal train swapping takes 24 swaps.
Optimal train swapping takes 261 swaps.
Optimal train swapping takes 266 swaps.
Optimal train swapping takes 29 swaps.
Optimal train swapping takes 12 swaps.
Optimal train swapping takes 138 swaps.
Optimal train swapping takes 26 swaps.
Optimal train swapping takes 17 swaps.
Optimal train swapping takes 159 swaps.
Optimal train swapping takes 105 swaps.
Optimal train swapping takes 51 swaps.
Optimal train swapping takes 52 swaps.
Optimal train swapping takes 13 swaps.
Optimal train swapping takes 8 swaps.
Optimal train swapping takes 440 swaps.
Optimal train swapping takes 102 swaps.
Optimal train swapping takes 24 swaps.
Optimal train swapping takes 0 swaps.
Optimal train swapping takes 12 swaps.
Optimal train swapping takes 380 swaps.
Optimal train swapping takes 360 swaps.
Optimal train swapping takes 540 swaps.
Optimal train swapping takes 5 swaps.
Optimal train swapping takes 81 swaps.
Optimal train swapping takes 6 swaps.
Optimal train swapping takes 783 swaps.
Optimal train swapping takes 461 swaps.
Optimal train swapping takes 57 swaps.
Optimal train swapping takes 294 swaps.
Optimal train swapping takes 631 swaps.
Optimal train swapping takes 139 swaps.
Optimal train swapping takes 49 swaps.
Optimal train swapping takes 196 swaps.
Optimal train swapping takes 25 swaps.
Optimal train swapping takes 25 swaps.
Optimal train swapping takes 371 swaps.
Optimal train swapping takes 66 swaps.
Optimal train swapping takes 489 swaps.
Optimal train swapping takes 170 swaps.
Optimal train swapping takes 358 swaps.
Optimal train swapping takes 29 swaps.
Optimal train swapping takes 578 swaps.
Optimal train swapping takes 38 swaps.
Optimal train swapping takes 14 swaps.
Optimal train swapping takes 54 swaps.
Optimal train swapping takes 19 swaps.
Optimal train swapping takes 266 swaps.
Optimal train swapping takes 485 swaps.
Optimal train swapping takes 32 swaps.
Optimal train swapping takes 413 swaps.
Optimal train swapping takes 367 swaps.
Optimal train swapping takes 0 swaps.
Optimal train swapping takes 389 swaps.
Optimal train swapping takes 531 swaps.
Optimal train swapping takes 197 swaps.
Optimal train swapping takes 20 swaps.
Optimal train swapping takes 1 swaps.
Optimal train swapping takes 49 swaps.
Optimal train swapping takes 149 swaps.
Optimal train swapping takes 478 swaps.
Optimal train swapping takes 223 swaps.
Optimal train swapping takes 403 swaps.
Optimal train swapping takes 20 swaps.
Optimal train swapping takes 19 swaps.
Optimal train swapping takes 43 swaps.
Optimal train swapping takes 521 swaps.
Optimal train swapping takes 182 swaps.
Optimal train swapping takes 96 swaps.
Optimal train swapping takes 516 swaps.
Optimal train swapping takes 5 swaps.
Optimal train swapping takes 300 swaps.
Optimal train swapping takes 414 swaps.
Optimal train swapping takes 75 swaps.
Optimal train swapping takes 137 swaps.
Optimal train swapping takes 28 swaps.
Optimal train swapping takes 266 swaps.
Optimal train swapping takes 466 swaps.
Optimal train swapping takes 155 swaps.
Optimal train swapping takes 14 swaps.
Optimal train swapping takes 671 swaps.
Optimal train swapping takes 342 swaps.
Optimal train swapping takes 412 swaps.
Optimal train swapping takes 272 swaps.
Optimal train swapping takes 619 swaps.
Optimal train swapping takes 489 swaps.
Optimal train swapping takes 0 swaps.
Optimal train swapping takes 113 swaps.
Optimal train swapping takes 69 swaps.
Optimal train swapping takes 90 swaps.
Optimal train swapping takes 2 swaps.
Optimal train swapping takes 74 swaps.
Optimal train swapping takes 306 swaps.
Optimal train swapping takes 237 swaps.
Optimal train swapping takes 556 swaps.
Optimal train swapping takes 6 swaps.
Optimal train swapping takes 295 swaps.
Optimal train swapping takes 675 swaps.
Optimal train swapping takes 43 swaps.
Optimal train swapping takes 390 swaps.
Optimal train swapping takes 8 swaps.
Optimal train swapping takes 529 swaps.
Optimal train swapping takes 86 swaps.
Optimal train swapping takes 138 swaps.
Optimal train swapping takes 62 swaps.
Optimal train swapping takes 349 swaps.
Optimal train swapping takes 83 swaps.
Optimal train swapping takes 307 swaps.
Optimal train swapping takes 69 swaps.
Optimal train swapping takes 147 swaps.
Optimal train swapping takes 10 swaps.
Optimal train swapping takes 292 swaps.
Optimal train swapping takes 489 swaps.
Optimal train swapping takes 3 swaps.
Optimal train swapping takes 0 swaps.
Optimal train swapping takes 130 swaps.
Optimal train swapping takes 2 swaps.
Optimal train swapping takes 21 swaps.
Optimal train swapping takes 291 swaps.
Optimal train swapping takes 604 swaps.
Optimal train swapping takes 59 swaps.
Optimal train swapping takes 11 swaps.
Optimal train swapping takes 453 swaps.
Optimal train swapping takes 64 swaps.
Optimal train swapping takes 294 swaps.
Optimal train swapping takes 7 swaps.
Optimal train swapping takes 455 swaps.
Optimal train swapping takes 159 swaps.
Optimal train swapping takes 45 swaps.
Optimal train swapping takes 350 swaps.
Optimal train swapping takes 5 swaps.
Optimal train swapping takes 412 swaps.
Optimal train swapping takes 122 swaps.
Optimal train swapping takes 398 swaps.
Optimal train swapping takes 174 swaps.
Optimal train swapping takes 95 swaps.
Optimal train swapping takes 232 swaps.
Optimal train swapping takes 33 swaps.
Optimal train swapping takes 4 swaps.
Optimal train swapping takes 0 swaps.
Optimal train swapping takes 664 swaps.
Optimal train swapping takes 76 swaps.
Optimal train swapping takes 25 swaps.
Optimal train swapping takes 97 swaps.
Optimal train swapping takes 485 swaps.
Optimal train swapping takes 61 swaps.
Optimal train swapping takes 56 swaps.
Optimal train swapping takes 2 swaps.
Optimal train swapping takes 40 swaps.
Optimal train swapping takes 262 swaps.
Optimal train swapping takes 37 swaps.
Optimal train swapping takes 495 swaps.
Optimal train swapping takes 245 swaps.
Optimal train swapping takes 33 swaps.
Optimal train swapping takes 163 swaps.
Optimal train swapping takes 493 swaps.
Optimal train swapping takes 404 swaps.
Optimal train swapping takes 91 swaps.
Optimal train swapping takes 533 swaps.
