9999999999999999999999999 * 01
first number too big
result too big
