Case #1: 725933585
Case #2: 188040359
Case #3: 641455674
Case #4: 53102186
Case #5: 42300207
Case #6: 252903886
Case #7: 664974956
Case #8: 394573719
Case #9: 78273097
Case #10: 181501940
Case #11: 584583005
Case #12: 313416113
Case #13: 412853382
Case #14: 590612324
Case #15: 639096207
Case #16: 174959528
Case #17: 392327699
Case #18: 758586694
Case #19: 546321761
Case #20: 414918730
Case #21: 833974300
Case #22: 397749877
Case #23: 856162949
Case #24: 370559359
Case #25: 837691556
Case #26: 499168566
Case #27: 644675823
Case #28: 984163874
Case #29: 120118584
Case #30: 889029359
Case #31: 253310451
Case #32: 533152405
Case #33: 289291071
Case #34: 218521092
Case #35: 62459628
Case #36: 119332198
Case #37: 61652914
Case #38: 616099833
Case #39: 932743193
Case #40: 707629825
Case #41: 324445215
Case #42: 934307657
Case #43: 331722908
Case #44: 235798022
Case #45: 452856281
Case #46: 401279017
Case #47: 123699108
Case #48: 9187436
Case #49: 148362912
Case #50: 884602471
Case #51: 546633675
Case #52: 938896661
Case #53: 833762142
Case #54: 838431783
Case #55: 655997664
Case #56: 535757884
Case #57: 96603599
Case #58: 307534599
Case #59: 5621812
Case #60: 760537340
Case #61: 320000197
Case #62: 444909086
Case #63: 46255638
Case #64: 841158547
Case #65: 928561623
Case #66: 804139941
Case #67: 169912033
Case #68: 153180111
Case #69: 56
Case #70: 601920625
Case #71: 110740535
Case #72: 998467271
Case #73: 263282346
Case #74: 811484451
Case #75: 220722202
Case #76: 485300015
Case #77: 84088251
Case #78: 833320809
Case #79: 9156840
Case #80: 160272256
Case #81: 378527807
Case #82: 602002685
Case #83: 594221086
Case #84: 736068112
Case #85: 439338120
Case #86: 880360398
Case #87: 48
Case #88: 600040501
Case #89: 558047316
Case #90: 239197185
Case #91: 77486084
Case #92: 87742087
Case #93: 827931961
Case #94: 860717270
Case #95: 987094605
Case #96: 998575302
Case #97: 456948037
Case #98: 79308121
Case #99: 475033103
Case #100: 475785996
