Lumberjacks:
Unordered
Unordered
Unordered
Unordered
Unordered
Unordered
Unordered
Unordered
Unordered
Unordered
Unordered
Unordered
Unordered
Unordered
Unordered
Unordered
Unordered
Unordered
Unordered
