2147483648 * 01
first number too big
result too big
1 + 02147483648
second number too big
result too big
2147483648 * 02147483647
first number too big
result too big
00 + 2147483647
